p= 3: YY
p= 4: YYY
p= 5: YYYY
p= 6: YYYYY
p= 7: YYYYYY
p= 8: YYYYYYY
p= 9: YYYYYYYY
p=10: YYYYYYYYY
p=11: YYYYYYYYYY
p=12: YYYYYYYYYYY
p=13: YYYYYYYYYYYY
p=14: YYYYYYYYYYYYY
p=15: YYYYYYYYYYYYYY
p=16: YYYYYYYYYYYYYYY
p=17: YYYYYYYYYYYYYYY
p=18: YYYYYYYYYYYYYY
p=19: YYYYYYYYYYYYY
p=20: YYYYYYYYYYYY
p=21: YYYYYYYYYYY
p=22: YYYYYYYYYY
p=23: YYYYYYYYY
p=24: YYYYYYYY
p=25: YYYYYYY
p=26: YYYYYY
p=27: YYYYY
p=28: YYYY
p=29: YYY
p=30: YY
p=31: Y
p=32: 
FAILS: none — Euclidean recursion is all-unimodular over the entire band range
